------------------------------------------------------------
TimeQuest Timing Analyzer Summary
------------------------------------------------------------

Type  : Slow 1100mV 85C Model Setup 'CLK'
Slack : -5.027
TNS   : -63.165

Type  : Slow 1100mV 85C Model Hold 'CLK'
Slack : 0.505
TNS   : 0.000

Type  : Slow 1100mV 85C Model Minimum Pulse Width 'CLK'
Slack : -0.724
TNS   : -25.473

Type  : Slow 1100mV 0C Model Setup 'CLK'
Slack : -5.046
TNS   : -62.853

Type  : Slow 1100mV 0C Model Hold 'CLK'
Slack : 0.353
TNS   : 0.000

Type  : Slow 1100mV 0C Model Minimum Pulse Width 'CLK'
Slack : -0.724
TNS   : -25.543

Type  : Fast 1100mV 85C Model Setup 'CLK'
Slack : -2.483
TNS   : -27.177

Type  : Fast 1100mV 85C Model Hold 'CLK'
Slack : 0.198
TNS   : 0.000

Type  : Fast 1100mV 85C Model Minimum Pulse Width 'CLK'
Slack : -0.087
TNS   : -1.957

Type  : Fast 1100mV 0C Model Setup 'CLK'
Slack : -2.188
TNS   : -23.048

Type  : Fast 1100mV 0C Model Hold 'CLK'
Slack : 0.190
TNS   : 0.000

Type  : Fast 1100mV 0C Model Minimum Pulse Width 'CLK'
Slack : -0.086
TNS   : -1.943

------------------------------------------------------------
